LexToken(TERM,'$start$',1,0)
LexToken(BIND,'=',1,8)
LexToken(TERM,'$expr$',1,10)
LexToken(END_OF_RULE,';',1,16)
LexToken(TERM,'$expr$',2,18)
LexToken(BIND,'=',2,25)
LexToken(TERM,'$expr$',2,27)
LexToken(NTERM,'#+#',2,34)
LexToken(TERM,'$num$',2,38)
LexToken(OR,'|',2,44)
LexToken(TERM,'$expr$',2,46)
LexToken(NTERM,'#-#',2,53)
LexToken(TERM,'$num$',2,57)
LexToken(OR,'|',2,63)
LexToken(TERM,'$num$',2,65)
LexToken(END_OF_RULE,';',2,70)
LexToken(TERM,'$num$',3,72)
LexToken(BIND,'=',3,78)
LexToken(TERM,'$num$',3,80)
LexToken(TERM,'$num$',3,85)
LexToken(OR,'|',3,91)
LexToken(NTERM,'#0#',3,93)
LexToken(OR,'|',3,97)
LexToken(NTERM,'#1#',3,99)
LexToken(OR,'|',3,103)
LexToken(NTERM,'#2#',3,105)
LexToken(OR,'|',3,109)
LexToken(NTERM,'#3#',3,111)
LexToken(OR,'|',3,115)
LexToken(NTERM,'#4#',3,117)
LexToken(OR,'|',3,121)
LexToken(NTERM,'#5#',3,123)
LexToken(OR,'|',3,127)
LexToken(NTERM,'#6#',3,129)
LexToken(OR,'|',3,133)
LexToken(NTERM,'#7#',3,135)
LexToken(OR,'|',3,139)
LexToken(NTERM,'#8#',3,141)
LexToken(OR,'|',3,145)
LexToken(NTERM,'#9#',3,147)
LexToken(END_OF_RULE,';',3,150)
